ASxxxx Linker V03.00 + NoICE + sdld,  page 1.
Hexadecimal  [32-Bits]

Area                                    Addr        Size        Decimal Bytes (Attributes)
--------------------------------        ----        ----        ------- ----- ------------
.  .ABS.                            00000000    00000000 =           0. bytes (ABS,CON)

      Value  Global                              Global Defined In Module
      -----  --------------------------------   ------------------------
     00000000  .__.ABS.                           
     00000000  l_CABS                          
     00000000  l_DABS                          
     00000000  l__CODE                         
     00000000  s_CABS                          
     00000000  s_DABS                          
     00000000  s__CODE                         
     00000001  l_SSEG                          
     00000001  s_DATA                          
     00000003  l_GSFINAL                       
     0000001D  l_GSINIT                        
     00000042  l_INITIALIZED                   
     00000042  l_INITIALIZER                   
     0000006F  l_HOME                          
     00000149  l_DATA                          
     0000014A  s_INITIALIZED                   
     0000094D  l_CONST                         
     00002301  l_CODE                          
     00008000  s_HOME                          
     0000806F  s_GSINIT                        
     0000808C  s_GSFINAL                       
     0000808F  s_CONST                         
     000089DC  s_INITIALIZER                   
     00008A1E  s_CODE                          
     0000AD1F  s_SSEG                          

ASxxxx Linker V03.00 + NoICE + sdld,  page 2.
Hexadecimal  [32-Bits]

Area                                    Addr        Size        Decimal Bytes (Attributes)
--------------------------------        ----        ----        ------- ----- ------------
DATA                                00000001    00000149 =         329. bytes (REL,CON)

      Value  Global                              Global Defined In Module
      -----  --------------------------------   ------------------------
     00000043  _gwMibMsec                         stm8s_mib_debug_tim
     00000045  _gwMibSec                          stm8s_mib_debug_tim
     00000047  _gbMibMiliSec                      stm8s_mib_debug_tim
     00000048  _cmd_list                          stm8s_mib_debug_cmd

ASxxxx Linker V03.00 + NoICE + sdld,  page 3.
Hexadecimal  [32-Bits]

Area                                    Addr        Size        Decimal Bytes (Attributes)
--------------------------------        ----        ----        ------- ----- ------------
INITIALIZED                         0000014A    00000042 =          66. bytes (REL,CON)

      Value  Global                              Global Defined In Module
      -----  --------------------------------   ------------------------
     0000015C  _cmdTbl                            stm8s_mib_debug_cmd

ASxxxx Linker V03.00 + NoICE + sdld,  page 4.
Hexadecimal  [32-Bits]

Area                                    Addr        Size        Decimal Bytes (Attributes)
--------------------------------        ----        ----        ------- ----- ------------
HOME                                00008000    0000006F =         111. bytes (REL,CON)

      Value  Global                              Global Defined In Module
      -----  --------------------------------   ------------------------
ASxxxx Linker V03.00 + NoICE + sdld,  page 5.
Hexadecimal  [32-Bits]

Area                                    Addr        Size        Decimal Bytes (Attributes)
--------------------------------        ----        ----        ------- ----- ------------
GSINIT                              0000806F    0000001D =          29. bytes (REL,CON)

      Value  Global                              Global Defined In Module
      -----  --------------------------------   ------------------------
ASxxxx Linker V03.00 + NoICE + sdld,  page 6.
Hexadecimal  [32-Bits]

Area                                    Addr        Size        Decimal Bytes (Attributes)
--------------------------------        ----        ----        ------- ----- ------------
GSFINAL                             0000808C    00000003 =           3. bytes (REL,CON)

      Value  Global                              Global Defined In Module
      -----  --------------------------------   ------------------------
ASxxxx Linker V03.00 + NoICE + sdld,  page 7.
Hexadecimal  [32-Bits]

Area                                    Addr        Size        Decimal Bytes (Attributes)
--------------------------------        ----        ----        ------- ----- ------------
CONST                               0000808F    0000094D =        2381. bytes (REL,CON)

      Value  Global                              Global Defined In Module
      -----  --------------------------------   ------------------------
ASxxxx Linker V03.00 + NoICE + sdld,  page 8.
Hexadecimal  [32-Bits]

Area                                    Addr        Size        Decimal Bytes (Attributes)
--------------------------------        ----        ----        ------- ----- ------------
INITIALIZER                         000089DC    00000042 =          66. bytes (REL,CON)

      Value  Global                              Global Defined In Module
      -----  --------------------------------   ------------------------
ASxxxx Linker V03.00 + NoICE + sdld,  page 9.
Hexadecimal  [32-Bits]

Area                                    Addr        Size        Decimal Bytes (Attributes)
--------------------------------        ----        ----        ------- ----- ------------
CODE                                00008A1E    00002301 =        8961. bytes (REL,CON)

      Value  Global                              Global Defined In Module
      -----  --------------------------------   ------------------------
     00008A1E  _cmd_gpio                          stm8s_gpio_main
     00008A80  _cmd_test                          stm8s_gpio_main
     00008A83  _cmd_test_init_before_irq_enable   stm8s_gpio_main
     00008E96  _GPIO_Configuration                stm8s_gpio_main
     00008EB7  _Toggle                            stm8s_gpio_main
     00008EBF  _GPIO_DeInit                       stm8s_gpio
     00008ECD  _GPIO_Init                         stm8s_gpio
     00008F45  _GPIO_Write                        stm8s_gpio
     00008F47  _GPIO_WriteHigh                    stm8s_gpio
     00008F50  _GPIO_WriteLow                     stm8s_gpio
     00008F5C  _GPIO_WriteReverse                 stm8s_gpio
     00008F65  _GPIO_ReadOutputData               stm8s_gpio
     00008F67  _GPIO_ReadInputData                stm8s_gpio
     00008F6A  _GPIO_ReadInputPin                 stm8s_gpio
     00008F77  _GPIO_ExternalPullUpConfig         stm8s_gpio
     00008F91  _MibWriteDebugByte                 stm8s_mib_debug
     00008FA1  _MibWriteDebugByte485              stm8s_mib_debug
     00008FA4  _MibWriteDebugEmptyCheck           stm8s_mib_debug
     00008FAE  _MibWriteDebugString               stm8s_mib_debug
     00008FBB  _MibWriteDebugStringN              stm8s_mib_debug
     00008FCF  _MibReadDebugByte                  stm8s_mib_debug
     00008FF2  _MibDebugInit                      stm8s_mib_debug
     0000912D  _MibWriteDebugTransmitHex          stm8s_mib_debug
     00009173  _MibWriteDebugTransmitHex2         stm8s_mib_debug
     000091A4  _UART_RX_IRQHandler                stm8s_mib_debug
     000091D5  _TRAP_IRQHandler                   stm8s_mib_it
     000091D6  _TLI_IRQHandler                    stm8s_mib_it
     000091D7  _AWU_IRQHandler                    stm8s_mib_it
     000091D8  _CLK_IRQHandler                    stm8s_mib_it
     000091D9  _EXTI_PORTA_IRQHandler             stm8s_mib_it
     000091DA  _EXTI_PORTB_IRQHandler             stm8s_mib_it
     000091DB  _EXTI_PORTC_IRQHandler             stm8s_mib_it
     000091DC  _EXTI_PORTD_IRQHandler             stm8s_mib_it
     000091DD  _EXTI_PORTE_IRQHandler             stm8s_mib_it
     000091DE  _SPI_IRQHandler                    stm8s_mib_it
     000091DF  _TIM1_UPD_OVF_TRG_BRK_IRQHandler   stm8s_mib_it
     000091E0  _TIM1_CAP_COM_IRQHandler           stm8s_mib_it
     000091E1  _TIM2_UPD_OVF_BRK_IRQHandler       stm8s_mib_it
     000091E2  _TIM2_CAP_COM_IRQHandler           stm8s_mib_it
     000091E3  _TIM3_UPD_OVF_BRK_IRQHandler       stm8s_mib_it
     000091E4  _TIM3_CAP_COM_IRQHandler           stm8s_mib_it
     000091E5  _I2C_IRQHandler                    stm8s_mib_it
     000091E6  _UART2_TX_IRQHandler               stm8s_mib_it
     000091E7  _UART2_RX_IRQHandler               stm8s_mib_it
     000091ED  _ADC1_IRQHandler                   stm8s_mib_it
     000091EE  _TIM4_UPD_OVF_IRQHandler           stm8s_mib_it
     000091F8  _EEPROM_EEC_IRQHandler             stm8s_mib_it
     0000957E  _mm_vsprintf                       stm8s_mib_vsprintf
     000099B2  _mib_vsprintf                      stm8s_mib_vsprintf
     000099C0  _mib_printf                        stm8s_mib_vsprintf
ASxxxx Linker V03.00 + NoICE + sdld,  page 10.
Hexadecimal  [32-Bits]

Area                                    Addr        Size        Decimal Bytes (Attributes)
--------------------------------        ----        ----        ------- ----- ------------
CODE                                00008A1E    00002301 =        8961. bytes (REL,CON)

      Value  Global                              Global Defined In Module
      -----  --------------------------------   ------------------------
     000099E5  _timIrqInit                        stm8s_mib_debug_tim
     00009A07  _timIrqMain                        stm8s_mib_debug_tim
     00009A2D  _MibGetSecs                        stm8s_mib_debug_tim
     00009A31  _delay_ms                          stm8s_mib_debug_tim
     00009A3A  _GetCommand                        stm8s_mib_debug_cmd
     00009C35  _GetArgs                           stm8s_mib_debug_cmd
     00009CC1  _HexToInt                          stm8s_mib_debug_cmd
     00009DAD  _DecToLong                         stm8s_mib_debug_cmd
     00009E35  _HexDump                           stm8s_mib_debug_cmd
     0000A070  _DoPrintHelp                       stm8s_mib_debug_cmd
     0000A0D7  _getdec                            stm8s_mib_debug_cmd
     0000A11C  _cmd_mem                           stm8s_mib_debug_mem
     0000A8F9  _main                              stm8s_mib_debug_top
     0000A9AA  _debug_main                        stm8s_mib_debug_top
     0000AA7E  _memcmp                            _memcmp
     0000AAC1  __modulong                         _modulong
     0000AB27  _strncmp                           _strncmp
     0000AB71  __divulong                         _divulong
     0000ABCA  ___memcpy                          
     0000ABCA  _memcpy                            
     0000AC1D  _memset                            _memset
     0000AC3F  ___sdcc_external_startup           _startup
     0000AC41  _strlen                            _strlen
     0000AC4E  _strcmp                            
     0000AC8B  __modsint                          
     0000ACA3  __mullong                          

ASxxxx Linker V03.00 + NoICE + sdld,  page 11.
Hexadecimal  [32-Bits]

Area                                    Addr        Size        Decimal Bytes (Attributes)
--------------------------------        ----        ----        ------- ----- ------------
SSEG                                0000AD1F    00000001 =           1. bytes (REL,CON)

      Value  Global                              Global Defined In Module
      -----  --------------------------------   ------------------------
ASxxxx Linker V03.00 + NoICE + sdld,  page 12.

Files Linked                              [ module(s) ]

./obj/stm8s_gpio_main.rel                 [ stm8s_gpio_main ]
./obj/stm8s_gpio.rel                      [ stm8s_gpio ]
./obj/stm8s_mib_debug.rel                 [ stm8s_mib_debug ]
./obj/stm8s_mib_it.rel                    [ stm8s_mib_it ]
./obj/stm8s_mib_vsprintf.rel              [ stm8s_mib_vsprintf ]
./obj/stm8s_mib_debug_tim.rel             [ stm8s_mib_debug_tim ]
./obj/stm8s_mib_debug_cmd.rel             [ stm8s_mib_debug_cmd ]
./obj/stm8s_mib_debug_mem.rel             [ stm8s_mib_debug_mem ]
./obj/stm8s_mib_debug_top.rel             [ stm8s_mib_debug_top ]


Libraries Linked                          [ object file ]

c:\tools\sdcc\bin\..\lib\stm8/stm8.lib    [ _memcmp.rel ]
c:\tools\sdcc\bin\..\lib\stm8/stm8.lib    [ _modulong.rel ]
c:\tools\sdcc\bin\..\lib\stm8/stm8.lib    [ _strncmp.rel ]
c:\tools\sdcc\bin\..\lib\stm8/stm8.lib    [ _divulong.rel ]
c:\tools\sdcc\bin\..\lib\stm8/stm8.lib    [ memcpy.rel ]
c:\tools\sdcc\bin\..\lib\stm8/stm8.lib    [ _memset.rel ]
c:\tools\sdcc\bin\..\lib\stm8/stm8.lib    [ _startup.rel ]
c:\tools\sdcc\bin\..\lib\stm8/stm8.lib    [ _strlen.rel ]
c:\tools\sdcc\bin\..\lib\stm8/stm8.lib    [ strcmp.rel ]
c:\tools\sdcc\bin\..\lib\stm8/stm8.lib    [ _modsint.rel ]
c:\tools\sdcc\bin\..\lib\stm8/stm8.lib    [ _mullong.rel ]

ASxxxx Linker V03.00 + NoICE + sdld,  page 13.

User Base Address Definitions

HOME = 0x8000
DATA = 0x0001

