ASxxxx Linker V03.00 + NoICE + sdld,  page 1.
Hexadecimal  [32-Bits]

Area                                    Addr        Size        Decimal Bytes (Attributes)
--------------------------------        ----        ----        ------- ----- ------------
.  .ABS.                            00000000    00000000 =           0. bytes (ABS,CON)

      Value  Global                              Global Defined In Module
      -----  --------------------------------   ------------------------
     00000000  .__.ABS.                           _startup
     00000000  l_CABS                          
     00000000  l_CONST                         
     00000000  l_DABS                          
     00000000  l_DATA                          
     00000000  l_INITIALIZED                   
     00000000  l_INITIALIZER                   
     00000000  l__CODE                         
     00000000  s_CABS                          
     00000000  s_DABS                          
     00000000  s__CODE                         
     00000001  l_SSEG                          
     00000001  s_DATA                          
     00000001  s_INITIALIZED                   
     00000001  s_SSEG                          
     00000003  l_GSFINAL                       
     00000007  l_HOME                          
     0000001D  l_GSINIT                        
     000005C3  l_CODE                          
     00008000  s_HOME                          
     00008007  s_GSINIT                        
     00008024  s_GSFINAL                       
     00008027  s_CODE                          
     00008027  s_CONST                         
     00008027  s_INITIALIZER                   

ASxxxx Linker V03.00 + NoICE + sdld,  page 2.
Hexadecimal  [32-Bits]

Area                                    Addr        Size        Decimal Bytes (Attributes)
--------------------------------        ----        ----        ------- ----- ------------
SSEG                                00000001    00000001 =           1. bytes (REL,CON)

      Value  Global                              Global Defined In Module
      -----  --------------------------------   ------------------------
ASxxxx Linker V03.00 + NoICE + sdld,  page 3.
Hexadecimal  [32-Bits]

Area                                    Addr        Size        Decimal Bytes (Attributes)
--------------------------------        ----        ----        ------- ----- ------------
HOME                                00008000    00000007 =           7. bytes (REL,CON)

      Value  Global                              Global Defined In Module
      -----  --------------------------------   ------------------------
ASxxxx Linker V03.00 + NoICE + sdld,  page 4.
Hexadecimal  [32-Bits]

Area                                    Addr        Size        Decimal Bytes (Attributes)
--------------------------------        ----        ----        ------- ----- ------------
GSINIT                              00008007    0000001D =          29. bytes (REL,CON)

      Value  Global                              Global Defined In Module
      -----  --------------------------------   ------------------------
ASxxxx Linker V03.00 + NoICE + sdld,  page 5.
Hexadecimal  [32-Bits]

Area                                    Addr        Size        Decimal Bytes (Attributes)
--------------------------------        ----        ----        ------- ----- ------------
GSFINAL                             00008024    00000003 =           3. bytes (REL,CON)

      Value  Global                              Global Defined In Module
      -----  --------------------------------   ------------------------
ASxxxx Linker V03.00 + NoICE + sdld,  page 6.
Hexadecimal  [32-Bits]

Area                                    Addr        Size        Decimal Bytes (Attributes)
--------------------------------        ----        ----        ------- ----- ------------
CODE                                00008027    000005C3 =        1475. bytes (REL,CON)

      Value  Global                              Global Defined In Module
      -----  --------------------------------   ------------------------
     00008027  _main                              stm8s_pwm_main
     00008074  _TIM2_DeInit                       stm8s_tim2
     000080CD  _TIM2_TimeBaseInit                 stm8s_tim2
     000080D9  _TIM2_OC1Init                      stm8s_tim2
     00008114  _TIM2_OC2Init                      stm8s_tim2
     0000814F  _TIM2_OC3Init                      stm8s_tim2
     0000818A  _TIM2_ICInit                       stm8s_tim2
     000081D2  _TIM2_PWMIConfig                   stm8s_tim2
     00008241  _TIM2_Cmd                          stm8s_tim2
     00008259  _TIM2_ITConfig                     stm8s_tim2
     00008277  _TIM2_UpdateDisableConfig          stm8s_tim2
     0000828F  _TIM2_UpdateRequestConfig          stm8s_tim2
     000082A7  _TIM2_SelectOnePulseMode           stm8s_tim2
     000082BF  _TIM2_PrescalerConfig              stm8s_tim2
     000082CA  _TIM2_ForcedOC1Config              stm8s_tim2
     000082D9  _TIM2_ForcedOC2Config              stm8s_tim2
     000082E8  _TIM2_ForcedOC3Config              stm8s_tim2
     000082F7  _TIM2_ARRPreloadConfig             stm8s_tim2
     0000830F  _TIM2_OC1PreloadConfig             stm8s_tim2
     00008327  _TIM2_OC2PreloadConfig             stm8s_tim2
     0000833F  _TIM2_OC3PreloadConfig             stm8s_tim2
     00008357  _TIM2_GenerateEvent                stm8s_tim2
     0000835B  _TIM2_OC1PolarityConfig            stm8s_tim2
     00008373  _TIM2_OC2PolarityConfig            stm8s_tim2
     0000838B  _TIM2_OC3PolarityConfig            stm8s_tim2
     000083A3  _TIM2_CCxCmd                       stm8s_tim2
     000083E9  _TIM2_SelectOCxM                   stm8s_tim2
     00008420  _TIM2_SetCounter                   stm8s_tim2
     00008429  _TIM2_SetAutoreload                stm8s_tim2
     00008432  _TIM2_SetCompare1                  stm8s_tim2
     0000843B  _TIM2_SetCompare2                  stm8s_tim2
     00008444  _TIM2_SetCompare3                  stm8s_tim2
     0000844D  _TIM2_SetIC1Prescaler              stm8s_tim2
     0000845C  _TIM2_SetIC2Prescaler              stm8s_tim2
     0000846B  _TIM2_SetIC3Prescaler              stm8s_tim2
     0000847A  _TIM2_GetCapture1                  stm8s_tim2
     00008490  _TIM2_GetCapture2                  stm8s_tim2
     000084A6  _TIM2_GetCapture3                  stm8s_tim2
     000084BC  _TIM2_GetCounter                   stm8s_tim2
     000084D2  _TIM2_GetPrescaler                 stm8s_tim2
     000084D6  _TIM2_GetFlagStatus                stm8s_tim2
     000084F3  _TIM2_ClearFlag                    stm8s_tim2
     000084FE  _TIM2_GetITStatus                  stm8s_tim2
     0000851C  _TIM2_ClearITPendingBit            stm8s_tim2
     000085D2  _TRAP_IRQHandler                   stm8s_mib_it
     000085D3  _TLI_IRQHandler                    stm8s_mib_it
     000085D4  _AWU_IRQHandler                    stm8s_mib_it
     000085D5  _CLK_IRQHandler                    stm8s_mib_it
     000085D6  _EXTI_PORTA_IRQHandler             stm8s_mib_it
     000085D7  _EXTI_PORTB_IRQHandler             stm8s_mib_it
ASxxxx Linker V03.00 + NoICE + sdld,  page 7.
Hexadecimal  [32-Bits]

Area                                    Addr        Size        Decimal Bytes (Attributes)
--------------------------------        ----        ----        ------- ----- ------------
CODE                                00008027    000005C3 =        1475. bytes (REL,CON)

      Value  Global                              Global Defined In Module
      -----  --------------------------------   ------------------------
     000085D8  _EXTI_PORTC_IRQHandler             stm8s_mib_it
     000085D9  _EXTI_PORTD_IRQHandler             stm8s_mib_it
     000085DA  _EXTI_PORTE_IRQHandler             stm8s_mib_it
     000085DB  _SPI_IRQHandler                    stm8s_mib_it
     000085DC  _TIM1_UPD_OVF_TRG_BRK_IRQHandler   stm8s_mib_it
     000085DD  _TIM1_CAP_COM_IRQHandler           stm8s_mib_it
     000085DE  _TIM2_UPD_OVF_BRK_IRQHandler       stm8s_mib_it
     000085DF  _TIM2_CAP_COM_IRQHandler           stm8s_mib_it
     000085E0  _TIM3_UPD_OVF_BRK_IRQHandler       stm8s_mib_it
     000085E1  _TIM3_CAP_COM_IRQHandler           stm8s_mib_it
     000085E2  _I2C_IRQHandler                    stm8s_mib_it
     000085E3  _UART2_TX_IRQHandler               stm8s_mib_it
     000085E4  _UART2_RX_IRQHandler               stm8s_mib_it
     000085E5  _ADC1_IRQHandler                   stm8s_mib_it
     000085E6  _TIM4_UPD_OVF_IRQHandler           stm8s_mib_it
     000085E7  _EEPROM_EEC_IRQHandler             stm8s_mib_it
     000085E8  ___sdcc_external_startup           _startup

ASxxxx Linker V03.00 + NoICE + sdld,  page 8.

Files Linked                              [ module(s) ]

./obj/stm8s_pwm_main.rel                  [ stm8s_pwm_main ]
./obj/stm8s_tim2.rel                      [ stm8s_tim2 ]
./obj/stm8s_mib_it.rel                    [ stm8s_mib_it ]


Libraries Linked                          [ object file ]

c:\tools\sdcc\bin\..\lib\stm8/stm8.lib    [ _startup.rel ]

ASxxxx Linker V03.00 + NoICE + sdld,  page 9.

User Base Address Definitions

HOME = 0x8000
DATA = 0x0001

