ASxxxx Linker V03.00 + NoICE + sdld,  page 1.
Hexadecimal  [32-Bits]

Area                                    Addr        Size        Decimal Bytes (Attributes)
--------------------------------        ----        ----        ------- ----- ------------
.  .ABS.                            00000000    00000000 =           0. bytes (ABS,CON)

      Value  Global                              Global Defined In Module
      -----  --------------------------------   ------------------------
     00000000  .__.ABS.                           
     00000000  l_CABS                          
     00000000  l_DABS                          
     00000000  l__CODE                         
     00000000  s_CABS                          
     00000000  s_DABS                          
     00000000  s__CODE                         
     00000001  l_SSEG                          
     00000001  s_DATA                          
     00000003  l_GSFINAL                       
     0000001D  l_GSINIT                        
     00000044  l_INITIALIZED                   
     00000044  l_INITIALIZER                   
     0000006F  l_HOME                          
     00000149  l_DATA                          
     0000014A  s_INITIALIZED                   
     00001176  l_CONST                         
     000031BC  l_CODE                          
     00008000  s_HOME                          
     0000806F  s_GSINIT                        
     0000808C  s_GSFINAL                       
     0000808F  s_CONST                         
     00009205  s_INITIALIZER                   
     00009249  s_CODE                          
     0000C405  s_SSEG                          

ASxxxx Linker V03.00 + NoICE + sdld,  page 2.
Hexadecimal  [32-Bits]

Area                                    Addr        Size        Decimal Bytes (Attributes)
--------------------------------        ----        ----        ------- ----- ------------
DATA                                00000001    00000149 =         329. bytes (REL,CON)

      Value  Global                              Global Defined In Module
      -----  --------------------------------   ------------------------
     00000043  _gwMibMsec                         stm8s_mib_debug_tim
     00000045  _gwMibSec                          stm8s_mib_debug_tim
     00000047  _gbMibMiliSec                      stm8s_mib_debug_tim
     00000048  _cmd_list                          stm8s_mib_debug_cmd

ASxxxx Linker V03.00 + NoICE + sdld,  page 3.
Hexadecimal  [32-Bits]

Area                                    Addr        Size        Decimal Bytes (Attributes)
--------------------------------        ----        ----        ------- ----- ------------
INITIALIZED                         0000014A    00000044 =          68. bytes (REL,CON)

      Value  Global                              Global Defined In Module
      -----  --------------------------------   ------------------------
     0000015E  _cmdTbl                            stm8s_mib_debug_cmd

ASxxxx Linker V03.00 + NoICE + sdld,  page 4.
Hexadecimal  [32-Bits]

Area                                    Addr        Size        Decimal Bytes (Attributes)
--------------------------------        ----        ----        ------- ----- ------------
HOME                                00008000    0000006F =         111. bytes (REL,CON)

      Value  Global                              Global Defined In Module
      -----  --------------------------------   ------------------------
ASxxxx Linker V03.00 + NoICE + sdld,  page 5.
Hexadecimal  [32-Bits]

Area                                    Addr        Size        Decimal Bytes (Attributes)
--------------------------------        ----        ----        ------- ----- ------------
GSINIT                              0000806F    0000001D =          29. bytes (REL,CON)

      Value  Global                              Global Defined In Module
      -----  --------------------------------   ------------------------
ASxxxx Linker V03.00 + NoICE + sdld,  page 6.
Hexadecimal  [32-Bits]

Area                                    Addr        Size        Decimal Bytes (Attributes)
--------------------------------        ----        ----        ------- ----- ------------
GSFINAL                             0000808C    00000003 =           3. bytes (REL,CON)

      Value  Global                              Global Defined In Module
      -----  --------------------------------   ------------------------
ASxxxx Linker V03.00 + NoICE + sdld,  page 7.
Hexadecimal  [32-Bits]

Area                                    Addr        Size        Decimal Bytes (Attributes)
--------------------------------        ----        ----        ------- ----- ------------
CONST                               0000808F    00001176 =        4470. bytes (REL,CON)

      Value  Global                              Global Defined In Module
      -----  --------------------------------   ------------------------
ASxxxx Linker V03.00 + NoICE + sdld,  page 8.
Hexadecimal  [32-Bits]

Area                                    Addr        Size        Decimal Bytes (Attributes)
--------------------------------        ----        ----        ------- ----- ------------
INITIALIZER                         00009205    00000044 =          68. bytes (REL,CON)

      Value  Global                              Global Defined In Module
      -----  --------------------------------   ------------------------
ASxxxx Linker V03.00 + NoICE + sdld,  page 9.
Hexadecimal  [32-Bits]

Area                                    Addr        Size        Decimal Bytes (Attributes)
--------------------------------        ----        ----        ------- ----- ------------
CODE                                00009249    000031BC =       12732. bytes (REL,CON)

      Value  Global                              Global Defined In Module
      -----  --------------------------------   ------------------------
     00009249  _cmd_tim1                          stm8s_tim1_main
     000092AB  _cmd_test                          stm8s_tim1_main
     000092AE  _cmd_test_init_before_irq_enable   stm8s_tim1_main
     000096DB  _irqTim1UpdOvf_CALLBACK            stm8s_tim1_main
     000096DC  _irqTim1Cap_CALLBACK               stm8s_tim1_main
     000096DD  _mmTim1Onepulse                    stm8s_tim1_main
     00009764  _mmTim1PWM                         stm8s_tim1_main
     0000988A  _mmTim1CalPscrCntr                 stm8s_tim1_main
     00009908  _mmTim1GpioInit                    stm8s_tim1_main
     00009927  _mmRemapCH1N_CH2N_CH3N_ETR         stm8s_tim1_main
     00009942  _TIM1_DeInit                       stm8s_tim1
     000099DB  _TIM1_TimeBaseInit                 stm8s_tim1
     00009A05  _TIM1_OC1Init                      stm8s_tim1
     00009A6E  _TIM1_OC2Init                      stm8s_tim1
     00009AD7  _TIM1_OC3Init                      stm8s_tim1
     00009B40  _TIM1_OC4Init                      stm8s_tim1
     00009B8E  _TIM1_BDTRConfig                   stm8s_tim1
     00009BAB  _TIM1_ICInit                       stm8s_tim1
     00009C0E  _TIM1_PWMIConfig                   stm8s_tim1
     00009C7C  _TIM1_Cmd                          stm8s_tim1
     00009C94  _TIM1_CtrlPWMOutputs               stm8s_tim1
     00009CAC  _TIM1_ITConfig                     stm8s_tim1
     00009CCA  _TIM1_InternalClockConfig          stm8s_tim1
     00009CD3  _TIM1_ETRClockMode1Config          stm8s_tim1
     00009CED  _TIM1_ETRClockMode2Config          stm8s_tim1
     00009D05  _TIM1_ETRConfig                    stm8s_tim1
     00009D1B  _TIM1_TIxExternalClockConfig       stm8s_tim1
     00009D4D  _TIM1_SelectInputTrigger           stm8s_tim1
     00009D5C  _TIM1_UpdateDisableConfig          stm8s_tim1
     00009D74  _TIM1_UpdateRequestConfig          stm8s_tim1
     00009D8C  _TIM1_SelectHallSensor             stm8s_tim1
     00009DA4  _TIM1_SelectOnePulseMode           stm8s_tim1
     00009DBC  _TIM1_SelectOutputTrigger          stm8s_tim1
     00009DCB  _TIM1_SelectSlaveMode              stm8s_tim1
     00009DDA  _TIM1_SelectMasterSlaveMode        stm8s_tim1
     00009DF2  _TIM1_EncoderInterfaceConfig       stm8s_tim1
     00009E3E  _TIM1_PrescalerConfig              stm8s_tim1
     00009E50  _TIM1_CounterModeConfig            stm8s_tim1
     00009E5F  _TIM1_ForcedOC1Config              stm8s_tim1
     00009E6E  _TIM1_ForcedOC2Config              stm8s_tim1
     00009E7D  _TIM1_ForcedOC3Config              stm8s_tim1
     00009E8C  _TIM1_ForcedOC4Config              stm8s_tim1
     00009E9B  _TIM1_ARRPreloadConfig             stm8s_tim1
     00009EB3  _TIM1_SelectCOM                    stm8s_tim1
     00009ECB  _TIM1_CCPreloadControl             stm8s_tim1
     00009EE3  _TIM1_OC1PreloadConfig             stm8s_tim1
     00009EFB  _TIM1_OC2PreloadConfig             stm8s_tim1
     00009F13  _TIM1_OC3PreloadConfig             stm8s_tim1
     00009F2B  _TIM1_OC4PreloadConfig             stm8s_tim1
     00009F43  _TIM1_OC1FastConfig                stm8s_tim1
ASxxxx Linker V03.00 + NoICE + sdld,  page 10.
Hexadecimal  [32-Bits]

Area                                    Addr        Size        Decimal Bytes (Attributes)
--------------------------------        ----        ----        ------- ----- ------------
CODE                                00009249    000031BC =       12732. bytes (REL,CON)

      Value  Global                              Global Defined In Module
      -----  --------------------------------   ------------------------
     00009F5B  _TIM1_OC2FastConfig                stm8s_tim1
     00009F73  _TIM1_OC3FastConfig                stm8s_tim1
     00009F8B  _TIM1_OC4FastConfig                stm8s_tim1
     00009FA3  _TIM1_GenerateEvent                stm8s_tim1
     00009FA7  _TIM1_OC1PolarityConfig            stm8s_tim1
     00009FBF  _TIM1_OC1NPolarityConfig           stm8s_tim1
     00009FD7  _TIM1_OC2PolarityConfig            stm8s_tim1
     00009FEF  _TIM1_OC2NPolarityConfig           stm8s_tim1
     0000A007  _TIM1_OC3PolarityConfig            stm8s_tim1
     0000A01F  _TIM1_OC3NPolarityConfig           stm8s_tim1
     0000A037  _TIM1_OC4PolarityConfig            stm8s_tim1
     0000A04F  _TIM1_CCxCmd                       stm8s_tim1
     0000A0B0  _TIM1_CCxNCmd                      stm8s_tim1
     0000A0F6  _TIM1_SelectOCxM                   stm8s_tim1
     0000A14B  _TIM1_SetCounter                   stm8s_tim1
     0000A154  _TIM1_SetAutoreload                stm8s_tim1
     0000A15D  _TIM1_SetCompare1                  stm8s_tim1
     0000A166  _TIM1_SetCompare2                  stm8s_tim1
     0000A16F  _TIM1_SetCompare3                  stm8s_tim1
     0000A178  _TIM1_SetCompare4                  stm8s_tim1
     0000A181  _TIM1_SetIC1Prescaler              stm8s_tim1
     0000A190  _TIM1_SetIC2Prescaler              stm8s_tim1
     0000A19F  _TIM1_SetIC3Prescaler              stm8s_tim1
     0000A1AE  _TIM1_SetIC4Prescaler              stm8s_tim1
     0000A1BD  _TIM1_GetCapture1                  stm8s_tim1
     0000A1D3  _TIM1_GetCapture2                  stm8s_tim1
     0000A1E9  _TIM1_GetCapture3                  stm8s_tim1
     0000A1FF  _TIM1_GetCapture4                  stm8s_tim1
     0000A215  _TIM1_GetCounter                   stm8s_tim1
     0000A22B  _TIM1_GetPrescaler                 stm8s_tim1
     0000A241  _TIM1_GetFlagStatus                stm8s_tim1
     0000A25E  _TIM1_ClearFlag                    stm8s_tim1
     0000A26B  _TIM1_GetITStatus                  stm8s_tim1
     0000A289  _TIM1_ClearITPendingBit            stm8s_tim1
     0000A37E  _FLASH_Unlock                      stm8s_flash
     0000A394  _FLASH_Lock                        stm8s_flash
     0000A3A1  _FLASH_DeInit                      stm8s_flash
     0000A3B9  _FLASH_ITConfig                    stm8s_flash
     0000A3D1  _FLASH_EraseByte                   stm8s_flash
     0000A3D9  _FLASH_ProgramByte                 stm8s_flash
     0000A3E3  _FLASH_ReadByte                    stm8s_flash
     0000A3EB  _FLASH_ProgramWord                 stm8s_flash
     0000A427  _FLASH_ProgramOptionByte           stm8s_flash
     0000A461  _FLASH_EraseOptionByte             stm8s_flash
     0000A491  _FLASH_ReadOptionByte              stm8s_flash
     0000A4C2  _FLASH_SetLowPowerMode             stm8s_flash
     0000A4D7  _FLASH_SetProgrammingTime          stm8s_flash
     0000A4EB  _FLASH_GetLowPowerMode             stm8s_flash
     0000A4F1  _FLASH_GetProgrammingTime          stm8s_flash
     0000A4F7  _FLASH_GetBootSize                 stm8s_flash
     0000A517  _FLASH_GetFlagStatus               stm8s_flash
ASxxxx Linker V03.00 + NoICE + sdld,  page 11.
Hexadecimal  [32-Bits]

Area                                    Addr        Size        Decimal Bytes (Attributes)
--------------------------------        ----        ----        ------- ----- ------------
CODE                                00009249    000031BC =       12732. bytes (REL,CON)

      Value  Global                              Global Defined In Module
      -----  --------------------------------   ------------------------
     0000A528  _FLASH_WaitForLastOperation        stm8s_flash
     0000A558  _FLASH_EraseBlock                  stm8s_flash
     0000A58E  _FLASH_ProgramBlock                stm8s_flash
     0000A602  _MibWriteDebugByte                 stm8s_mib_debug
     0000A612  _MibWriteDebugByte485              stm8s_mib_debug
     0000A615  _MibWriteDebugEmptyCheck           stm8s_mib_debug
     0000A61F  _MibWriteDebugString               stm8s_mib_debug
     0000A62C  _MibWriteDebugStringN              stm8s_mib_debug
     0000A640  _MibReadDebugByte                  stm8s_mib_debug
     0000A663  _MibDebugInit                      stm8s_mib_debug
     0000A79E  _MibWriteDebugTransmitHex          stm8s_mib_debug
     0000A7E4  _MibWriteDebugTransmitHex2         stm8s_mib_debug
     0000A815  _UART_RX_IRQHandler                stm8s_mib_debug
     0000A846  _TRAP_IRQHandler                   stm8s_mib_it
     0000A847  _TLI_IRQHandler                    stm8s_mib_it
     0000A848  _AWU_IRQHandler                    stm8s_mib_it
     0000A849  _CLK_IRQHandler                    stm8s_mib_it
     0000A84A  _EXTI_PORTA_IRQHandler             stm8s_mib_it
     0000A84B  _EXTI_PORTB_IRQHandler             stm8s_mib_it
     0000A84C  _EXTI_PORTC_IRQHandler             stm8s_mib_it
     0000A84D  _EXTI_PORTD_IRQHandler             stm8s_mib_it
     0000A84E  _EXTI_PORTE_IRQHandler             stm8s_mib_it
     0000A84F  _SPI_IRQHandler                    stm8s_mib_it
     0000A850  _TIM1_UPD_OVF_TRG_BRK_IRQHandler   stm8s_mib_it
     0000A856  _TIM1_CAP_COM_IRQHandler           stm8s_mib_it
     0000A85C  _TIM2_UPD_OVF_BRK_IRQHandler       stm8s_mib_it
     0000A85D  _TIM2_CAP_COM_IRQHandler           stm8s_mib_it
     0000A85E  _TIM3_UPD_OVF_BRK_IRQHandler       stm8s_mib_it
     0000A85F  _TIM3_CAP_COM_IRQHandler           stm8s_mib_it
     0000A860  _I2C_IRQHandler                    stm8s_mib_it
     0000A861  _UART2_TX_IRQHandler               stm8s_mib_it
     0000A862  _UART2_RX_IRQHandler               stm8s_mib_it
     0000A868  _ADC1_IRQHandler                   stm8s_mib_it
     0000A869  _TIM4_UPD_OVF_IRQHandler           stm8s_mib_it
     0000A873  _EEPROM_EEC_IRQHandler             stm8s_mib_it
     0000ABF9  _mm_vsprintf                       stm8s_mib_vsprintf
     0000B02D  _mib_vsprintf                      stm8s_mib_vsprintf
     0000B03B  _mib_printf                        stm8s_mib_vsprintf
     0000B060  _timIrqInit                        stm8s_mib_debug_tim
     0000B082  _timIrqMain                        stm8s_mib_debug_tim
     0000B0A8  _MibGetSecs                        stm8s_mib_debug_tim
     0000B0AC  _delay_ms                          stm8s_mib_debug_tim
     0000B0B5  _GetCommand                        stm8s_mib_debug_cmd
     0000B2A9  _GetArgs                           stm8s_mib_debug_cmd
     0000B335  _HexToInt                          stm8s_mib_debug_cmd
     0000B421  _DecToLong                         stm8s_mib_debug_cmd
     0000B4A9  _HexDump                           stm8s_mib_debug_cmd
     0000B6E4  _DoPrintHelp                       stm8s_mib_debug_cmd
     0000B74B  _getdec                            stm8s_mib_debug_cmd
     0000B790  _cmd_mem                           stm8s_mib_debug_mem
     0000BF6D  _main                              stm8s_mib_debug_top
ASxxxx Linker V03.00 + NoICE + sdld,  page 12.
Hexadecimal  [32-Bits]

Area                                    Addr        Size        Decimal Bytes (Attributes)
--------------------------------        ----        ----        ------- ----- ------------
CODE                                00009249    000031BC =       12732. bytes (REL,CON)

      Value  Global                              Global Defined In Module
      -----  --------------------------------   ------------------------
     0000C01E  _debug_main                        stm8s_mib_debug_top
     0000C0F2  _mmFlashUnlock                     stm8s_mib_flash
     0000C122  _mmFlashLock                       stm8s_mib_flash
     0000C127  _mmFlashWrite                      stm8s_mib_flash
     0000C159  _mmFlashRead                       stm8s_mib_flash
     0000C164  _memcmp                            _memcmp
     0000C1A7  __modulong                         _modulong
     0000C20D  _strncmp                           _strncmp
     0000C257  __divulong                         _divulong
     0000C2B0  ___memcpy                          
     0000C2B0  _memcpy                            
     0000C303  _memset                            _memset
     0000C325  ___sdcc_external_startup           _startup
     0000C327  _strlen                            _strlen
     0000C334  _strcmp                            
     0000C371  __modsint                          
     0000C389  __mullong                          

ASxxxx Linker V03.00 + NoICE + sdld,  page 13.
Hexadecimal  [32-Bits]

Area                                    Addr        Size        Decimal Bytes (Attributes)
--------------------------------        ----        ----        ------- ----- ------------
SSEG                                0000C405    00000001 =           1. bytes (REL,CON)

      Value  Global                              Global Defined In Module
      -----  --------------------------------   ------------------------
ASxxxx Linker V03.00 + NoICE + sdld,  page 14.

Files Linked                              [ module(s) ]

./obj/stm8s_tim1_main.rel                 [ stm8s_tim1_main ]
./obj/stm8s_tim1.rel                      [ stm8s_tim1 ]
./obj/stm8s_flash.rel                     [ stm8s_flash ]
./obj/stm8s_mib_debug.rel                 [ stm8s_mib_debug ]
./obj/stm8s_mib_it.rel                    [ stm8s_mib_it ]
./obj/stm8s_mib_vsprintf.rel              [ stm8s_mib_vsprintf ]
./obj/stm8s_mib_debug_tim.rel             [ stm8s_mib_debug_tim ]
./obj/stm8s_mib_debug_cmd.rel             [ stm8s_mib_debug_cmd ]
./obj/stm8s_mib_debug_mem.rel             [ stm8s_mib_debug_mem ]
./obj/stm8s_mib_debug_top.rel             [ stm8s_mib_debug_top ]
./obj/stm8s_mib_flash.rel                 [ stm8s_mib_flash ]


Libraries Linked                          [ object file ]

c:\tools\sdcc\bin\..\lib\stm8/stm8.lib    [ _memcmp.rel ]
c:\tools\sdcc\bin\..\lib\stm8/stm8.lib    [ _modulong.rel ]
c:\tools\sdcc\bin\..\lib\stm8/stm8.lib    [ _strncmp.rel ]
c:\tools\sdcc\bin\..\lib\stm8/stm8.lib    [ _divulong.rel ]
c:\tools\sdcc\bin\..\lib\stm8/stm8.lib    [ memcpy.rel ]
c:\tools\sdcc\bin\..\lib\stm8/stm8.lib    [ _memset.rel ]
c:\tools\sdcc\bin\..\lib\stm8/stm8.lib    [ _startup.rel ]
c:\tools\sdcc\bin\..\lib\stm8/stm8.lib    [ _strlen.rel ]
c:\tools\sdcc\bin\..\lib\stm8/stm8.lib    [ strcmp.rel ]
c:\tools\sdcc\bin\..\lib\stm8/stm8.lib    [ _modsint.rel ]
c:\tools\sdcc\bin\..\lib\stm8/stm8.lib    [ _mullong.rel ]

ASxxxx Linker V03.00 + NoICE + sdld,  page 15.

User Base Address Definitions

HOME = 0x8000
DATA = 0x0001

