ASxxxx Linker V03.00 + NoICE + sdld,  page 1.
Hexadecimal  [32-Bits]

Area                                    Addr        Size        Decimal Bytes (Attributes)
--------------------------------        ----        ----        ------- ----- ------------
.  .ABS.                            00000000    00000000 =           0. bytes (ABS,CON)

      Value  Global                              Global Defined In Module
      -----  --------------------------------   ------------------------
     00000000  .__.ABS.                           
     00000000  l_CABS                          
     00000000  l_DABS                          
     00000000  l__CODE                         
     00000000  s_CABS                          
     00000000  s_DABS                          
     00000000  s__CODE                         
     00000001  l_SSEG                          
     00000001  s_DATA                          
     00000003  l_GSFINAL                       
     0000001D  l_GSINIT                        
     00000042  l_INITIALIZED                   
     00000042  l_INITIALIZER                   
     0000006F  l_HOME                          
     0000014B  l_DATA                          
     0000014C  s_INITIALIZED                   
     0000085B  l_CONST                         
     000020B8  l_CODE                          
     00008000  s_HOME                          
     0000806F  s_GSINIT                        
     0000808C  s_GSFINAL                       
     0000808F  s_CONST                         
     000088EA  s_INITIALIZER                   
     0000892C  s_CODE                          
     0000A9E4  s_SSEG                          

ASxxxx Linker V03.00 + NoICE + sdld,  page 2.
Hexadecimal  [32-Bits]

Area                                    Addr        Size        Decimal Bytes (Attributes)
--------------------------------        ----        ----        ------- ----- ------------
DATA                                00000001    0000014B =         331. bytes (REL,CON)

      Value  Global                              Global Defined In Module
      -----  --------------------------------   ------------------------
     00000043  _gwMibMsec                         stm8s_mib_debug_tim
     00000045  _gwMibSec                          stm8s_mib_debug_tim
     00000047  _gbMibMiliSec                      stm8s_mib_debug_tim
     00000048  _gwMibMiliSec                      stm8s_mib_debug_tim
     0000004A  _cmd_list                          stm8s_mib_debug_cmd

ASxxxx Linker V03.00 + NoICE + sdld,  page 3.
Hexadecimal  [32-Bits]

Area                                    Addr        Size        Decimal Bytes (Attributes)
--------------------------------        ----        ----        ------- ----- ------------
INITIALIZED                         0000014C    00000042 =          66. bytes (REL,CON)

      Value  Global                              Global Defined In Module
      -----  --------------------------------   ------------------------
     0000015E  _cmdTbl                            stm8s_mib_debug_cmd

ASxxxx Linker V03.00 + NoICE + sdld,  page 4.
Hexadecimal  [32-Bits]

Area                                    Addr        Size        Decimal Bytes (Attributes)
--------------------------------        ----        ----        ------- ----- ------------
HOME                                00008000    0000006F =         111. bytes (REL,CON)

      Value  Global                              Global Defined In Module
      -----  --------------------------------   ------------------------
ASxxxx Linker V03.00 + NoICE + sdld,  page 5.
Hexadecimal  [32-Bits]

Area                                    Addr        Size        Decimal Bytes (Attributes)
--------------------------------        ----        ----        ------- ----- ------------
GSINIT                              0000806F    0000001D =          29. bytes (REL,CON)

      Value  Global                              Global Defined In Module
      -----  --------------------------------   ------------------------
ASxxxx Linker V03.00 + NoICE + sdld,  page 6.
Hexadecimal  [32-Bits]

Area                                    Addr        Size        Decimal Bytes (Attributes)
--------------------------------        ----        ----        ------- ----- ------------
GSFINAL                             0000808C    00000003 =           3. bytes (REL,CON)

      Value  Global                              Global Defined In Module
      -----  --------------------------------   ------------------------
ASxxxx Linker V03.00 + NoICE + sdld,  page 7.
Hexadecimal  [32-Bits]

Area                                    Addr        Size        Decimal Bytes (Attributes)
--------------------------------        ----        ----        ------- ----- ------------
CONST                               0000808F    0000085B =        2139. bytes (REL,CON)

      Value  Global                              Global Defined In Module
      -----  --------------------------------   ------------------------
ASxxxx Linker V03.00 + NoICE + sdld,  page 8.
Hexadecimal  [32-Bits]

Area                                    Addr        Size        Decimal Bytes (Attributes)
--------------------------------        ----        ----        ------- ----- ------------
INITIALIZER                         000088EA    00000042 =          66. bytes (REL,CON)

      Value  Global                              Global Defined In Module
      -----  --------------------------------   ------------------------
ASxxxx Linker V03.00 + NoICE + sdld,  page 9.
Hexadecimal  [32-Bits]

Area                                    Addr        Size        Decimal Bytes (Attributes)
--------------------------------        ----        ----        ------- ----- ------------
CODE                                0000892C    000020B8 =        8376. bytes (REL,CON)

      Value  Global                              Global Defined In Module
      -----  --------------------------------   ------------------------
     0000892C  _cmd_wwdg                          stm8s_wwdg_main
     0000898E  _cmd_test                          stm8s_wwdg_main
     00008991  _cmd_test_init_before_irq_enable   stm8s_wwdg_main
     00008BD4  _GPIO_Configuration                stm8s_wwdg_main
     00008BF1  _calConfigWWDG                     stm8s_mib_wwdg
     00008C48  _MibWriteDebugByte                 stm8s_mib_debug
     00008C58  _MibWriteDebugByte485              stm8s_mib_debug
     00008C5B  _MibWriteDebugEmptyCheck           stm8s_mib_debug
     00008C65  _MibWriteDebugString               stm8s_mib_debug
     00008C72  _MibWriteDebugStringN              stm8s_mib_debug
     00008C86  _MibReadDebugByte                  stm8s_mib_debug
     00008CA9  _MibDebugInit                      stm8s_mib_debug
     00008DE4  _MibWriteDebugTransmitHex          stm8s_mib_debug
     00008E2A  _MibWriteDebugTransmitHex2         stm8s_mib_debug
     00008E5B  _UART_RX_IRQHandler                stm8s_mib_debug
     00008E8C  _TRAP_IRQHandler                   stm8s_mib_it
     00008E8D  _TLI_IRQHandler                    stm8s_mib_it
     00008E8E  _AWU_IRQHandler                    stm8s_mib_it
     00008E8F  _CLK_IRQHandler                    stm8s_mib_it
     00008E90  _EXTI_PORTA_IRQHandler             stm8s_mib_it
     00008E91  _EXTI_PORTB_IRQHandler             stm8s_mib_it
     00008E92  _EXTI_PORTC_IRQHandler             stm8s_mib_it
     00008E93  _EXTI_PORTD_IRQHandler             stm8s_mib_it
     00008E94  _EXTI_PORTE_IRQHandler             stm8s_mib_it
     00008E95  _SPI_IRQHandler                    stm8s_mib_it
     00008E96  _TIM1_UPD_OVF_TRG_BRK_IRQHandler   stm8s_mib_it
     00008E97  _TIM1_CAP_COM_IRQHandler           stm8s_mib_it
     00008E98  _TIM2_UPD_OVF_BRK_IRQHandler       stm8s_mib_it
     00008E99  _TIM2_CAP_COM_IRQHandler           stm8s_mib_it
     00008E9A  _TIM3_UPD_OVF_BRK_IRQHandler       stm8s_mib_it
     00008E9B  _TIM3_CAP_COM_IRQHandler           stm8s_mib_it
     00008E9C  _I2C_IRQHandler                    stm8s_mib_it
     00008E9D  _UART2_TX_IRQHandler               stm8s_mib_it
     00008E9E  _UART2_RX_IRQHandler               stm8s_mib_it
     00008EA4  _ADC1_IRQHandler                   stm8s_mib_it
     00008EA5  _TIM4_UPD_OVF_IRQHandler           stm8s_mib_it
     00008EAF  _EEPROM_EEC_IRQHandler             stm8s_mib_it
     00009235  _mm_vsprintf                       stm8s_mib_vsprintf
     00009669  _mib_vsprintf                      stm8s_mib_vsprintf
     00009677  _mib_printf                        stm8s_mib_vsprintf
     0000969C  _timIrqInit                        stm8s_mib_debug_tim
     000096BE  _timIrqMain                        stm8s_mib_debug_tim
     000096F0  _MibGetSecs                        stm8s_mib_debug_tim
     000096F4  _delay_ms                          stm8s_mib_debug_tim
     000096FF  _GetCommand                        stm8s_mib_debug_cmd
     000098FA  _GetArgs                           stm8s_mib_debug_cmd
     00009986  _HexToInt                          stm8s_mib_debug_cmd
     00009A72  _DecToLong                         stm8s_mib_debug_cmd
     00009AFA  _HexDump                           stm8s_mib_debug_cmd
     00009D35  _DoPrintHelp                       stm8s_mib_debug_cmd
ASxxxx Linker V03.00 + NoICE + sdld,  page 10.
Hexadecimal  [32-Bits]

Area                                    Addr        Size        Decimal Bytes (Attributes)
--------------------------------        ----        ----        ------- ----- ------------
CODE                                0000892C    000020B8 =        8376. bytes (REL,CON)

      Value  Global                              Global Defined In Module
      -----  --------------------------------   ------------------------
     00009D9C  _getdec                            stm8s_mib_debug_cmd
     00009DE1  _cmd_mem                           stm8s_mib_debug_mem
     0000A5BE  _main                              stm8s_mib_debug_top
     0000A66F  _debug_main                        stm8s_mib_debug_top
     0000A743  _memcmp                            _memcmp
     0000A786  __modulong                         _modulong
     0000A7EC  _strncmp                           _strncmp
     0000A836  __divulong                         _divulong
     0000A88F  ___memcpy                          
     0000A88F  _memcpy                            
     0000A8E2  _memset                            _memset
     0000A904  ___sdcc_external_startup           _startup
     0000A906  _strlen                            _strlen
     0000A913  _strcmp                            
     0000A950  __modsint                          
     0000A968  __mullong                          
ASxxxx Linker V03.00 + NoICE + sdld,  page 11.
Hexadecimal  [32-Bits]

Area                                    Addr        Size        Decimal Bytes (Attributes)
--------------------------------        ----        ----        ------- ----- ------------
SSEG                                0000A9E4    00000001 =           1. bytes (REL,CON)

      Value  Global                              Global Defined In Module
      -----  --------------------------------   ------------------------
ASxxxx Linker V03.00 + NoICE + sdld,  page 12.

Files Linked                              [ module(s) ]

./obj/stm8s_wwdg_main.rel                 [ stm8s_wwdg_main ]
./obj/stm8s_mib_wwdg.rel                  [ stm8s_mib_wwdg ]
./obj/stm8s_mib_debug.rel                 [ stm8s_mib_debug ]
./obj/stm8s_mib_it.rel                    [ stm8s_mib_it ]
./obj/stm8s_mib_vsprintf.rel              [ stm8s_mib_vsprintf ]
./obj/stm8s_mib_debug_tim.rel             [ stm8s_mib_debug_tim ]
./obj/stm8s_mib_debug_cmd.rel             [ stm8s_mib_debug_cmd ]
./obj/stm8s_mib_debug_mem.rel             [ stm8s_mib_debug_mem ]
./obj/stm8s_mib_debug_top.rel             [ stm8s_mib_debug_top ]


Libraries Linked                          [ object file ]

c:\tools\sdcc\bin\..\lib\stm8/stm8.lib    [ _memcmp.rel ]
c:\tools\sdcc\bin\..\lib\stm8/stm8.lib    [ _modulong.rel ]
c:\tools\sdcc\bin\..\lib\stm8/stm8.lib    [ _strncmp.rel ]
c:\tools\sdcc\bin\..\lib\stm8/stm8.lib    [ _divulong.rel ]
c:\tools\sdcc\bin\..\lib\stm8/stm8.lib    [ memcpy.rel ]
c:\tools\sdcc\bin\..\lib\stm8/stm8.lib    [ _memset.rel ]
c:\tools\sdcc\bin\..\lib\stm8/stm8.lib    [ _startup.rel ]
c:\tools\sdcc\bin\..\lib\stm8/stm8.lib    [ _strlen.rel ]
c:\tools\sdcc\bin\..\lib\stm8/stm8.lib    [ strcmp.rel ]
c:\tools\sdcc\bin\..\lib\stm8/stm8.lib    [ _modsint.rel ]
c:\tools\sdcc\bin\..\lib\stm8/stm8.lib    [ _mullong.rel ]

ASxxxx Linker V03.00 + NoICE + sdld,  page 13.

User Base Address Definitions

HOME = 0x8000
DATA = 0x0001

